// Validating benchmarks:
// ***** BenchmarkRunner: Start   *****
// ***** Found 4 benchmark(s) in total *****
// ***** Building 1 exe(s) in Parallel: Start   *****
// start dotnet  restore --nodeReuse:false /p:UseSharedCompilation=false /p:Deterministic=true /p:Optimize=true /p:ArtifactsPath="C:\Users\HANCER MERCEDE\RiderProjects\Nexus.Store\Nexus.Store.BenchMark.Project\bin\Release\net10.0\Nexus.Store.BenchMark.Project-1/" /p:OutDir="C:\Users\HANCER MERCEDE\RiderProjects\Nexus.Store\Nexus.Store.BenchMark.Project\bin\Release\net10.0\Nexus.Store.BenchMark.Project-1\bin\Release\net10.0/" /p:OutputPath="C:\Users\HANCER MERCEDE\RiderProjects\Nexus.Store\Nexus.Store.BenchMark.Project\bin\Release\net10.0\Nexus.Store.BenchMark.Project-1\bin\Release\net10.0/" /p:PublishDir="C:\Users\HANCER MERCEDE\RiderProjects\Nexus.Store\Nexus.Store.BenchMark.Project\bin\Release\net10.0\Nexus.Store.BenchMark.Project-1\publish/" in C:\Users\HANCER MERCEDE\RiderProjects\Nexus.Store\Nexus.Store.BenchMark.Project\bin\Release\net10.0\Nexus.Store.BenchMark.Project-1
// command took 1.68 sec and exited with 0
// start dotnet  build -c Release --no-restore --nodeReuse:false /p:UseSharedCompilation=false /p:Deterministic=true /p:Optimize=true /p:ArtifactsPath="C:\Users\HANCER MERCEDE\RiderProjects\Nexus.Store\Nexus.Store.BenchMark.Project\bin\Release\net10.0\Nexus.Store.BenchMark.Project-1/" /p:OutDir="C:\Users\HANCER MERCEDE\RiderProjects\Nexus.Store\Nexus.Store.BenchMark.Project\bin\Release\net10.0\Nexus.Store.BenchMark.Project-1\bin\Release\net10.0/" /p:OutputPath="C:\Users\HANCER MERCEDE\RiderProjects\Nexus.Store\Nexus.Store.BenchMark.Project\bin\Release\net10.0\Nexus.Store.BenchMark.Project-1\bin\Release\net10.0/" /p:PublishDir="C:\Users\HANCER MERCEDE\RiderProjects\Nexus.Store\Nexus.Store.BenchMark.Project\bin\Release\net10.0\Nexus.Store.BenchMark.Project-1\publish/" --output "C:\Users\HANCER MERCEDE\RiderProjects\Nexus.Store\Nexus.Store.BenchMark.Project\bin\Release\net10.0\Nexus.Store.BenchMark.Project-1\bin\Release\net10.0/" in C:\Users\HANCER MERCEDE\RiderProjects\Nexus.Store\Nexus.Store.BenchMark.Project\bin\Release\net10.0\Nexus.Store.BenchMark.Project-1
// command took 11.96 sec and exited with 0
// ***** Done, took 00:00:13 (13.8 sec)   *****
// Found 4 benchmarks:
//   NexusStoreBenchmark.SetBatchAsync_Performance: DefaultJob [TotalRecords=1000]
//   NexusStoreBenchmark.GetAsync_Random_Performance: DefaultJob [TotalRecords=1000]
//   NexusStoreBenchmark.SetBatchAsync_Performance: DefaultJob [TotalRecords=5000]
//   NexusStoreBenchmark.GetAsync_Random_Performance: DefaultJob [TotalRecords=5000]

Setup power plan (GUID: 8c5e7fda-e8bf-4a96-9a85-a6e23a8c635c FriendlyName: High performance)
// **************************
// Benchmark: NexusStoreBenchmark.SetBatchAsync_Performance: DefaultJob [TotalRecords=1000]
// *** Execute ***
// Launch: 1 / 1
// Execute: dotnet Nexus.Store.BenchMark.Project-1.dll --anonymousPipes 1564 1688 --benchmarkName "Nexus.Store.BenchMark.Project.NexusStoreBenchmark.SetBatchAsync_Performance(TotalRecords: 1000)" --job Default --benchmarkId 0 in C:\Users\HANCER MERCEDE\RiderProjects\Nexus.Store\Nexus.Store.BenchMark.Project\bin\Release\net10.0\Nexus.Store.BenchMark.Project-1\bin\Release\net10.0
// BeforeAnythingElse

// Benchmark Process Environment Information:
// BenchmarkDotNet v0.15.8
// Runtime=.NET 10.0.2 (10.0.2, 10.0.225.61305), X64 RyuJIT x86-64-v3
// GC=Concurrent Workstation
// HardwareIntrinsics=AVX2+BMI1+BMI2+F16C+FMA+LZCNT+MOVBE,AVX,SSE3+SSSE3+SSE4.1+SSE4.2+POPCNT,X86Base+SSE+SSE2,AES+PCLMUL VectorSize=256
// Job: DefaultJob

[31m    _________
   /_||___||_\      [0mGarnet 2.0.0 64 bit; standalone mode[31m
   '. \   / .'      [0mListening on: 127.0.0.1:7006[31m
     '.\ /.'        [35mhttps://aka.ms/GetGarnet[31m
       '.'
[0m
* Ready to accept connections
OverheadJitting  1: 1 op, 159000.00 ns, 159.0000 us/op
WorkloadJitting  1: 1 op, 38286500.00 ns, 38.2865 ms/op

WorkloadPilot    1: 2 op, 5878200.00 ns, 2.9391 ms/op
WorkloadPilot    2: 3 op, 6736000.00 ns, 2.2453 ms/op
WorkloadPilot    3: 4 op, 27056000.00 ns, 6.7640 ms/op
WorkloadPilot    4: 5 op, 11410000.00 ns, 2.2820 ms/op
WorkloadPilot    5: 6 op, 15668600.00 ns, 2.6114 ms/op
WorkloadPilot    6: 7 op, 61432500.00 ns, 8.7761 ms/op
WorkloadPilot    7: 8 op, 26924500.00 ns, 3.3656 ms/op
WorkloadPilot    8: 9 op, 86847700.00 ns, 9.6497 ms/op
WorkloadPilot    9: 10 op, 94881400.00 ns, 9.4881 ms/op
WorkloadPilot   10: 11 op, 113464500.00 ns, 10.3150 ms/op
WorkloadPilot   11: 12 op, 106327600.00 ns, 8.8606 ms/op
WorkloadPilot   12: 13 op, 58030600.00 ns, 4.4639 ms/op
WorkloadPilot   13: 14 op, 98308200.00 ns, 7.0220 ms/op
WorkloadPilot   14: 15 op, 146238600.00 ns, 9.7492 ms/op
WorkloadPilot   15: 16 op, 107474700.00 ns, 6.7172 ms/op
WorkloadPilot   16: 32 op, 221252300.00 ns, 6.9141 ms/op
WorkloadPilot   17: 64 op, 608933500.00 ns, 9.5146 ms/op

WorkloadWarmup   1: 64 op, 390987500.00 ns, 6.1092 ms/op
WorkloadWarmup   2: 64 op, 211333700.00 ns, 3.3021 ms/op
WorkloadWarmup   3: 64 op, 201780000.00 ns, 3.1528 ms/op
WorkloadWarmup   4: 64 op, 156589700.00 ns, 2.4467 ms/op
WorkloadWarmup   5: 64 op, 173711200.00 ns, 2.7142 ms/op
WorkloadWarmup   6: 64 op, 155750400.00 ns, 2.4336 ms/op
WorkloadWarmup   7: 64 op, 148929200.00 ns, 2.3270 ms/op
WorkloadWarmup   8: 64 op, 164722800.00 ns, 2.5738 ms/op
WorkloadWarmup   9: 64 op, 174820300.00 ns, 2.7316 ms/op
WorkloadWarmup  10: 64 op, 141649200.00 ns, 2.2133 ms/op

// BeforeActualRun
WorkloadActual   1: 64 op, 140127100.00 ns, 2.1895 ms/op
WorkloadActual   2: 64 op, 161926000.00 ns, 2.5301 ms/op
WorkloadActual   3: 64 op, 155436600.00 ns, 2.4287 ms/op
WorkloadActual   4: 64 op, 120683600.00 ns, 1.8857 ms/op
WorkloadActual   5: 64 op, 142782500.00 ns, 2.2310 ms/op
WorkloadActual   6: 64 op, 159025600.00 ns, 2.4848 ms/op
WorkloadActual   7: 64 op, 134322300.00 ns, 2.0988 ms/op
WorkloadActual   8: 64 op, 138408500.00 ns, 2.1626 ms/op
WorkloadActual   9: 64 op, 142931100.00 ns, 2.2333 ms/op
WorkloadActual  10: 64 op, 130688200.00 ns, 2.0420 ms/op
WorkloadActual  11: 64 op, 160282100.00 ns, 2.5044 ms/op
WorkloadActual  12: 64 op, 133490600.00 ns, 2.0858 ms/op
WorkloadActual  13: 64 op, 160574700.00 ns, 2.5090 ms/op
WorkloadActual  14: 64 op, 153879000.00 ns, 2.4044 ms/op
WorkloadActual  15: 64 op, 142512500.00 ns, 2.2268 ms/op
WorkloadActual  16: 64 op, 128100400.00 ns, 2.0016 ms/op
WorkloadActual  17: 64 op, 146167300.00 ns, 2.2839 ms/op
WorkloadActual  18: 64 op, 143160000.00 ns, 2.2369 ms/op
WorkloadActual  19: 64 op, 125459800.00 ns, 1.9603 ms/op
WorkloadActual  20: 64 op, 129162200.00 ns, 2.0182 ms/op
WorkloadActual  21: 64 op, 147423000.00 ns, 2.3035 ms/op
WorkloadActual  22: 64 op, 142435400.00 ns, 2.2256 ms/op
WorkloadActual  23: 64 op, 141206700.00 ns, 2.2064 ms/op
WorkloadActual  24: 64 op, 135330400.00 ns, 2.1145 ms/op
WorkloadActual  25: 64 op, 182623600.00 ns, 2.8535 ms/op
WorkloadActual  26: 64 op, 151182200.00 ns, 2.3622 ms/op
WorkloadActual  27: 64 op, 142345700.00 ns, 2.2242 ms/op
WorkloadActual  28: 64 op, 162165600.00 ns, 2.5338 ms/op
WorkloadActual  29: 64 op, 138863000.00 ns, 2.1697 ms/op
WorkloadActual  30: 64 op, 143741000.00 ns, 2.2460 ms/op
WorkloadActual  31: 64 op, 134678700.00 ns, 2.1044 ms/op
WorkloadActual  32: 64 op, 151525300.00 ns, 2.3676 ms/op
WorkloadActual  33: 64 op, 134123100.00 ns, 2.0957 ms/op
WorkloadActual  34: 64 op, 148966000.00 ns, 2.3276 ms/op
WorkloadActual  35: 64 op, 160255600.00 ns, 2.5040 ms/op
WorkloadActual  36: 64 op, 151717500.00 ns, 2.3706 ms/op
WorkloadActual  37: 64 op, 147187900.00 ns, 2.2998 ms/op
WorkloadActual  38: 64 op, 127690400.00 ns, 1.9952 ms/op
WorkloadActual  39: 64 op, 165265000.00 ns, 2.5823 ms/op
WorkloadActual  40: 64 op, 159815300.00 ns, 2.4971 ms/op
WorkloadActual  41: 64 op, 146930400.00 ns, 2.2958 ms/op
WorkloadActual  42: 64 op, 146585900.00 ns, 2.2904 ms/op
WorkloadActual  43: 64 op, 173414000.00 ns, 2.7096 ms/op
WorkloadActual  44: 64 op, 150136000.00 ns, 2.3459 ms/op
WorkloadActual  45: 64 op, 155436500.00 ns, 2.4287 ms/op
WorkloadActual  46: 64 op, 151736700.00 ns, 2.3709 ms/op
WorkloadActual  47: 64 op, 144758200.00 ns, 2.2618 ms/op
WorkloadActual  48: 64 op, 121273300.00 ns, 1.8949 ms/op
WorkloadActual  49: 64 op, 147620900.00 ns, 2.3066 ms/op
WorkloadActual  50: 64 op, 133066700.00 ns, 2.0792 ms/op
WorkloadActual  51: 64 op, 155169100.00 ns, 2.4245 ms/op
WorkloadActual  52: 64 op, 138538000.00 ns, 2.1647 ms/op
WorkloadActual  53: 64 op, 144517100.00 ns, 2.2581 ms/op
WorkloadActual  54: 64 op, 144867600.00 ns, 2.2636 ms/op
WorkloadActual  55: 64 op, 189905600.00 ns, 2.9673 ms/op
WorkloadActual  56: 64 op, 169908700.00 ns, 2.6548 ms/op
WorkloadActual  57: 64 op, 130596700.00 ns, 2.0406 ms/op
WorkloadActual  58: 64 op, 138101300.00 ns, 2.1578 ms/op
WorkloadActual  59: 64 op, 138131300.00 ns, 2.1583 ms/op
WorkloadActual  60: 64 op, 135820700.00 ns, 2.1222 ms/op
WorkloadActual  61: 64 op, 127910800.00 ns, 1.9986 ms/op
WorkloadActual  62: 64 op, 132130700.00 ns, 2.0645 ms/op
WorkloadActual  63: 64 op, 159116300.00 ns, 2.4862 ms/op
WorkloadActual  64: 64 op, 149676500.00 ns, 2.3387 ms/op
WorkloadActual  65: 64 op, 136133000.00 ns, 2.1271 ms/op
WorkloadActual  66: 64 op, 159732200.00 ns, 2.4958 ms/op
WorkloadActual  67: 64 op, 134385500.00 ns, 2.0998 ms/op
WorkloadActual  68: 64 op, 142764900.00 ns, 2.2307 ms/op
WorkloadActual  69: 64 op, 145442800.00 ns, 2.2725 ms/op
WorkloadActual  70: 64 op, 123714400.00 ns, 1.9330 ms/op
WorkloadActual  71: 64 op, 168260000.00 ns, 2.6291 ms/op
WorkloadActual  72: 64 op, 147967300.00 ns, 2.3120 ms/op
WorkloadActual  73: 64 op, 130910200.00 ns, 2.0455 ms/op
WorkloadActual  74: 64 op, 134140100.00 ns, 2.0959 ms/op
WorkloadActual  75: 64 op, 159212100.00 ns, 2.4877 ms/op
WorkloadActual  76: 64 op, 138128200.00 ns, 2.1583 ms/op
WorkloadActual  77: 64 op, 141607200.00 ns, 2.2126 ms/op
WorkloadActual  78: 64 op, 150179500.00 ns, 2.3466 ms/op
WorkloadActual  79: 64 op, 139528500.00 ns, 2.1801 ms/op
WorkloadActual  80: 64 op, 132710400.00 ns, 2.0736 ms/op
WorkloadActual  81: 64 op, 180839300.00 ns, 2.8256 ms/op
WorkloadActual  82: 64 op, 141772000.00 ns, 2.2152 ms/op
WorkloadActual  83: 64 op, 148451300.00 ns, 2.3196 ms/op
WorkloadActual  84: 64 op, 131047200.00 ns, 2.0476 ms/op
WorkloadActual  85: 64 op, 125160900.00 ns, 1.9556 ms/op
WorkloadActual  86: 64 op, 134928900.00 ns, 2.1083 ms/op
WorkloadActual  87: 64 op, 154342900.00 ns, 2.4116 ms/op
WorkloadActual  88: 64 op, 148595700.00 ns, 2.3218 ms/op
WorkloadActual  89: 64 op, 141190200.00 ns, 2.2061 ms/op
WorkloadActual  90: 64 op, 133505600.00 ns, 2.0860 ms/op
WorkloadActual  91: 64 op, 139030400.00 ns, 2.1724 ms/op
WorkloadActual  92: 64 op, 139247100.00 ns, 2.1757 ms/op
WorkloadActual  93: 64 op, 134216600.00 ns, 2.0971 ms/op
WorkloadActual  94: 64 op, 158889700.00 ns, 2.4827 ms/op
WorkloadActual  95: 64 op, 129744100.00 ns, 2.0273 ms/op
WorkloadActual  96: 64 op, 130029600.00 ns, 2.0317 ms/op
WorkloadActual  97: 64 op, 131367700.00 ns, 2.0526 ms/op
WorkloadActual  98: 64 op, 147875600.00 ns, 2.3106 ms/op
WorkloadActual  99: 64 op, 143741100.00 ns, 2.2460 ms/op
WorkloadActual  100: 64 op, 131917800.00 ns, 2.0612 ms/op

// AfterActualRun
WorkloadResult   1: 64 op, 140127100.00 ns, 2.1895 ms/op
WorkloadResult   2: 64 op, 161926000.00 ns, 2.5301 ms/op
WorkloadResult   3: 64 op, 155436600.00 ns, 2.4287 ms/op
WorkloadResult   4: 64 op, 120683600.00 ns, 1.8857 ms/op
WorkloadResult   5: 64 op, 142782500.00 ns, 2.2310 ms/op
WorkloadResult   6: 64 op, 159025600.00 ns, 2.4848 ms/op
WorkloadResult   7: 64 op, 134322300.00 ns, 2.0988 ms/op
WorkloadResult   8: 64 op, 138408500.00 ns, 2.1626 ms/op
WorkloadResult   9: 64 op, 142931100.00 ns, 2.2333 ms/op
WorkloadResult  10: 64 op, 130688200.00 ns, 2.0420 ms/op
WorkloadResult  11: 64 op, 160282100.00 ns, 2.5044 ms/op
WorkloadResult  12: 64 op, 133490600.00 ns, 2.0858 ms/op
WorkloadResult  13: 64 op, 160574700.00 ns, 2.5090 ms/op
WorkloadResult  14: 64 op, 153879000.00 ns, 2.4044 ms/op
WorkloadResult  15: 64 op, 142512500.00 ns, 2.2268 ms/op
WorkloadResult  16: 64 op, 128100400.00 ns, 2.0016 ms/op
WorkloadResult  17: 64 op, 146167300.00 ns, 2.2839 ms/op
WorkloadResult  18: 64 op, 143160000.00 ns, 2.2369 ms/op
WorkloadResult  19: 64 op, 125459800.00 ns, 1.9603 ms/op
WorkloadResult  20: 64 op, 129162200.00 ns, 2.0182 ms/op
WorkloadResult  21: 64 op, 147423000.00 ns, 2.3035 ms/op
WorkloadResult  22: 64 op, 142435400.00 ns, 2.2256 ms/op
WorkloadResult  23: 64 op, 141206700.00 ns, 2.2064 ms/op
WorkloadResult  24: 64 op, 135330400.00 ns, 2.1145 ms/op
WorkloadResult  25: 64 op, 151182200.00 ns, 2.3622 ms/op
WorkloadResult  26: 64 op, 142345700.00 ns, 2.2242 ms/op
WorkloadResult  27: 64 op, 162165600.00 ns, 2.5338 ms/op
WorkloadResult  28: 64 op, 138863000.00 ns, 2.1697 ms/op
WorkloadResult  29: 64 op, 143741000.00 ns, 2.2460 ms/op
WorkloadResult  30: 64 op, 134678700.00 ns, 2.1044 ms/op
WorkloadResult  31: 64 op, 151525300.00 ns, 2.3676 ms/op
WorkloadResult  32: 64 op, 134123100.00 ns, 2.0957 ms/op
WorkloadResult  33: 64 op, 148966000.00 ns, 2.3276 ms/op
WorkloadResult  34: 64 op, 160255600.00 ns, 2.5040 ms/op
WorkloadResult  35: 64 op, 151717500.00 ns, 2.3706 ms/op
WorkloadResult  36: 64 op, 147187900.00 ns, 2.2998 ms/op
WorkloadResult  37: 64 op, 127690400.00 ns, 1.9952 ms/op
WorkloadResult  38: 64 op, 165265000.00 ns, 2.5823 ms/op
WorkloadResult  39: 64 op, 159815300.00 ns, 2.4971 ms/op
WorkloadResult  40: 64 op, 146930400.00 ns, 2.2958 ms/op
WorkloadResult  41: 64 op, 146585900.00 ns, 2.2904 ms/op
WorkloadResult  42: 64 op, 173414000.00 ns, 2.7096 ms/op
WorkloadResult  43: 64 op, 150136000.00 ns, 2.3459 ms/op
WorkloadResult  44: 64 op, 155436500.00 ns, 2.4287 ms/op
WorkloadResult  45: 64 op, 151736700.00 ns, 2.3709 ms/op
WorkloadResult  46: 64 op, 144758200.00 ns, 2.2618 ms/op
WorkloadResult  47: 64 op, 121273300.00 ns, 1.8949 ms/op
WorkloadResult  48: 64 op, 147620900.00 ns, 2.3066 ms/op
WorkloadResult  49: 64 op, 133066700.00 ns, 2.0792 ms/op
WorkloadResult  50: 64 op, 155169100.00 ns, 2.4245 ms/op
WorkloadResult  51: 64 op, 138538000.00 ns, 2.1647 ms/op
WorkloadResult  52: 64 op, 144517100.00 ns, 2.2581 ms/op
WorkloadResult  53: 64 op, 144867600.00 ns, 2.2636 ms/op
WorkloadResult  54: 64 op, 169908700.00 ns, 2.6548 ms/op
WorkloadResult  55: 64 op, 130596700.00 ns, 2.0406 ms/op
WorkloadResult  56: 64 op, 138101300.00 ns, 2.1578 ms/op
WorkloadResult  57: 64 op, 138131300.00 ns, 2.1583 ms/op
WorkloadResult  58: 64 op, 135820700.00 ns, 2.1222 ms/op
WorkloadResult  59: 64 op, 127910800.00 ns, 1.9986 ms/op
WorkloadResult  60: 64 op, 132130700.00 ns, 2.0645 ms/op
WorkloadResult  61: 64 op, 159116300.00 ns, 2.4862 ms/op
WorkloadResult  62: 64 op, 149676500.00 ns, 2.3387 ms/op
WorkloadResult  63: 64 op, 136133000.00 ns, 2.1271 ms/op
WorkloadResult  64: 64 op, 159732200.00 ns, 2.4958 ms/op
WorkloadResult  65: 64 op, 134385500.00 ns, 2.0998 ms/op
WorkloadResult  66: 64 op, 142764900.00 ns, 2.2307 ms/op
WorkloadResult  67: 64 op, 145442800.00 ns, 2.2725 ms/op
WorkloadResult  68: 64 op, 123714400.00 ns, 1.9330 ms/op
WorkloadResult  69: 64 op, 168260000.00 ns, 2.6291 ms/op
WorkloadResult  70: 64 op, 147967300.00 ns, 2.3120 ms/op
WorkloadResult  71: 64 op, 130910200.00 ns, 2.0455 ms/op
WorkloadResult  72: 64 op, 134140100.00 ns, 2.0959 ms/op
WorkloadResult  73: 64 op, 159212100.00 ns, 2.4877 ms/op
WorkloadResult  74: 64 op, 138128200.00 ns, 2.1583 ms/op
WorkloadResult  75: 64 op, 141607200.00 ns, 2.2126 ms/op
WorkloadResult  76: 64 op, 150179500.00 ns, 2.3466 ms/op
WorkloadResult  77: 64 op, 139528500.00 ns, 2.1801 ms/op
WorkloadResult  78: 64 op, 132710400.00 ns, 2.0736 ms/op
WorkloadResult  79: 64 op, 141772000.00 ns, 2.2152 ms/op
WorkloadResult  80: 64 op, 148451300.00 ns, 2.3196 ms/op
WorkloadResult  81: 64 op, 131047200.00 ns, 2.0476 ms/op
WorkloadResult  82: 64 op, 125160900.00 ns, 1.9556 ms/op
WorkloadResult  83: 64 op, 134928900.00 ns, 2.1083 ms/op
WorkloadResult  84: 64 op, 154342900.00 ns, 2.4116 ms/op
WorkloadResult  85: 64 op, 148595700.00 ns, 2.3218 ms/op
WorkloadResult  86: 64 op, 141190200.00 ns, 2.2061 ms/op
WorkloadResult  87: 64 op, 133505600.00 ns, 2.0860 ms/op
WorkloadResult  88: 64 op, 139030400.00 ns, 2.1724 ms/op
WorkloadResult  89: 64 op, 139247100.00 ns, 2.1757 ms/op
WorkloadResult  90: 64 op, 134216600.00 ns, 2.0971 ms/op
WorkloadResult  91: 64 op, 158889700.00 ns, 2.4827 ms/op
WorkloadResult  92: 64 op, 129744100.00 ns, 2.0273 ms/op
WorkloadResult  93: 64 op, 130029600.00 ns, 2.0317 ms/op
WorkloadResult  94: 64 op, 131367700.00 ns, 2.0526 ms/op
WorkloadResult  95: 64 op, 147875600.00 ns, 2.3106 ms/op
WorkloadResult  96: 64 op, 143741100.00 ns, 2.2460 ms/op
WorkloadResult  97: 64 op, 131917800.00 ns, 2.0612 ms/op
// GC:  12 4 1 70506768 64
// Threading:  1701 8 64

// AfterAll
// Benchmark Process 14068 has exited with code 0.

Mean = 2.239 ms, StdErr = 0.018 ms (0.82%), N = 97, StdDev = 0.180 ms
Min = 1.886 ms, Q1 = 2.097 ms, Median = 2.227 ms, Q3 = 2.347 ms, Max = 2.710 ms
IQR = 0.249 ms, LowerFence = 1.723 ms, UpperFence = 2.721 ms
ConfidenceInterval = [2.177 ms; 2.301 ms] (CI 99.9%), Margin = 0.062 ms (2.78% of Mean)
Skewness = 0.35, Kurtosis = 2.51, MValue = 2

// ** Remained 3 (75.0%) benchmark(s) to run. Estimated finish 2026-01-26 11:31 (0h 1m from now) **
Setup power plan (GUID: 8c5e7fda-e8bf-4a96-9a85-a6e23a8c635c FriendlyName: High performance)
// **************************
// Benchmark: NexusStoreBenchmark.GetAsync_Random_Performance: DefaultJob [TotalRecords=1000]
// *** Execute ***
// Launch: 1 / 1
// Execute: dotnet Nexus.Store.BenchMark.Project-1.dll --anonymousPipes 1720 1680 --benchmarkName "Nexus.Store.BenchMark.Project.NexusStoreBenchmark.GetAsync_Random_Performance(TotalRecords: 1000)" --job Default --benchmarkId 1 in C:\Users\HANCER MERCEDE\RiderProjects\Nexus.Store\Nexus.Store.BenchMark.Project\bin\Release\net10.0\Nexus.Store.BenchMark.Project-1\bin\Release\net10.0
// BeforeAnythingElse

// Benchmark Process Environment Information:
// BenchmarkDotNet v0.15.8
// Runtime=.NET 10.0.2 (10.0.2, 10.0.225.61305), X64 RyuJIT x86-64-v3
// GC=Concurrent Workstation
// HardwareIntrinsics=AVX2+BMI1+BMI2+F16C+FMA+LZCNT+MOVBE,AVX,SSE3+SSSE3+SSE4.1+SSE4.2+POPCNT,X86Base+SSE+SSE2,AES+PCLMUL VectorSize=256
// Job: DefaultJob

[31m    _________
   /_||___||_\      [0mGarnet 2.0.0 64 bit; standalone mode[31m
   '. \   / .'      [0mListening on: 127.0.0.1:7006[31m
     '.\ /.'        [35mhttps://aka.ms/GetGarnet[31m
       '.'
[0m
* Ready to accept connections
OverheadJitting  1: 1 op, 150800.00 ns, 150.8000 us/op
WorkloadJitting  1: 1 op, 39512700.00 ns, 39.5127 ms/op

WorkloadPilot    1: 2 op, 996400.00 ns, 498.2000 us/op
WorkloadPilot    2: 3 op, 1701900.00 ns, 567.3000 us/op
WorkloadPilot    3: 4 op, 2953700.00 ns, 738.4250 us/op
WorkloadPilot    4: 5 op, 2147600.00 ns, 429.5200 us/op
WorkloadPilot    5: 6 op, 1975900.00 ns, 329.3167 us/op
WorkloadPilot    6: 7 op, 3751000.00 ns, 535.8571 us/op
WorkloadPilot    7: 8 op, 4574200.00 ns, 571.7750 us/op
WorkloadPilot    8: 9 op, 2415400.00 ns, 268.3778 us/op
WorkloadPilot    9: 10 op, 2634200.00 ns, 263.4200 us/op
WorkloadPilot   10: 11 op, 4401400.00 ns, 400.1273 us/op
WorkloadPilot   11: 12 op, 5516500.00 ns, 459.7083 us/op
WorkloadPilot   12: 13 op, 4756200.00 ns, 365.8615 us/op
WorkloadPilot   13: 14 op, 4186600.00 ns, 299.0429 us/op
WorkloadPilot   14: 15 op, 4019700.00 ns, 267.9800 us/op
WorkloadPilot   15: 16 op, 6149300.00 ns, 384.3313 us/op
WorkloadPilot   16: 32 op, 20163700.00 ns, 630.1156 us/op
WorkloadPilot   17: 64 op, 27071500.00 ns, 422.9922 us/op
WorkloadPilot   18: 128 op, 31382300.00 ns, 245.1742 us/op
WorkloadPilot   19: 256 op, 63789700.00 ns, 249.1785 us/op
WorkloadPilot   20: 512 op, 120717500.00 ns, 235.7764 us/op
WorkloadPilot   21: 1024 op, 226594000.00 ns, 221.2832 us/op
WorkloadPilot   22: 2048 op, 453107200.00 ns, 221.2438 us/op
WorkloadPilot   23: 4096 op, 1003399400.00 ns, 244.9706 us/op

WorkloadWarmup   1: 4096 op, 746033500.00 ns, 182.1371 us/op
WorkloadWarmup   2: 4096 op, 711108200.00 ns, 173.6104 us/op
WorkloadWarmup   3: 4096 op, 730272700.00 ns, 178.2892 us/op
WorkloadWarmup   4: 4096 op, 781206900.00 ns, 190.7243 us/op
WorkloadWarmup   5: 4096 op, 762393800.00 ns, 186.1313 us/op
WorkloadWarmup   6: 4096 op, 783923700.00 ns, 191.3876 us/op
WorkloadWarmup   7: 4096 op, 781102900.00 ns, 190.6990 us/op

// BeforeActualRun
WorkloadActual   1: 4096 op, 903720400.00 ns, 220.6349 us/op
WorkloadActual   2: 4096 op, 866402200.00 ns, 211.5240 us/op
WorkloadActual   3: 4096 op, 740440900.00 ns, 180.7717 us/op
WorkloadActual   4: 4096 op, 685952200.00 ns, 167.4688 us/op
WorkloadActual   5: 4096 op, 706594100.00 ns, 172.5083 us/op
WorkloadActual   6: 4096 op, 773074300.00 ns, 188.7388 us/op
WorkloadActual   7: 4096 op, 714364700.00 ns, 174.4054 us/op
WorkloadActual   8: 4096 op, 718318600.00 ns, 175.3708 us/op
WorkloadActual   9: 4096 op, 747669600.00 ns, 182.5365 us/op
WorkloadActual  10: 4096 op, 742829700.00 ns, 181.3549 us/op
WorkloadActual  11: 4096 op, 712433200.00 ns, 173.9339 us/op
WorkloadActual  12: 4096 op, 727780900.00 ns, 177.6809 us/op
WorkloadActual  13: 4096 op, 734836600.00 ns, 179.4035 us/op
WorkloadActual  14: 4096 op, 715601800.00 ns, 174.7075 us/op
WorkloadActual  15: 4096 op, 740665700.00 ns, 180.8266 us/op
WorkloadActual  16: 4096 op, 755959400.00 ns, 184.5604 us/op
WorkloadActual  17: 4096 op, 746753600.00 ns, 182.3129 us/op
WorkloadActual  18: 4096 op, 714408300.00 ns, 174.4161 us/op
WorkloadActual  19: 4096 op, 717401700.00 ns, 175.1469 us/op
WorkloadActual  20: 4096 op, 701349500.00 ns, 171.2279 us/op
WorkloadActual  21: 4096 op, 726652500.00 ns, 177.4054 us/op
WorkloadActual  22: 4096 op, 695215500.00 ns, 169.7303 us/op
WorkloadActual  23: 4096 op, 697363900.00 ns, 170.2549 us/op
WorkloadActual  24: 4096 op, 710034800.00 ns, 173.3483 us/op
WorkloadActual  25: 4096 op, 701483500.00 ns, 171.2606 us/op
WorkloadActual  26: 4096 op, 706860100.00 ns, 172.5733 us/op
WorkloadActual  27: 4096 op, 722219400.00 ns, 176.3231 us/op
WorkloadActual  28: 4096 op, 750024100.00 ns, 183.1114 us/op
WorkloadActual  29: 4096 op, 699813300.00 ns, 170.8529 us/op
WorkloadActual  30: 4096 op, 703999800.00 ns, 171.8750 us/op
WorkloadActual  31: 4096 op, 734615400.00 ns, 179.3495 us/op

// AfterActualRun
WorkloadResult   1: 4096 op, 740440900.00 ns, 180.7717 us/op
WorkloadResult   2: 4096 op, 685952200.00 ns, 167.4688 us/op
WorkloadResult   3: 4096 op, 706594100.00 ns, 172.5083 us/op
WorkloadResult   4: 4096 op, 773074300.00 ns, 188.7388 us/op
WorkloadResult   5: 4096 op, 714364700.00 ns, 174.4054 us/op
WorkloadResult   6: 4096 op, 718318600.00 ns, 175.3708 us/op
WorkloadResult   7: 4096 op, 747669600.00 ns, 182.5365 us/op
WorkloadResult   8: 4096 op, 742829700.00 ns, 181.3549 us/op
WorkloadResult   9: 4096 op, 712433200.00 ns, 173.9339 us/op
WorkloadResult  10: 4096 op, 727780900.00 ns, 177.6809 us/op
WorkloadResult  11: 4096 op, 734836600.00 ns, 179.4035 us/op
WorkloadResult  12: 4096 op, 715601800.00 ns, 174.7075 us/op
WorkloadResult  13: 4096 op, 740665700.00 ns, 180.8266 us/op
WorkloadResult  14: 4096 op, 755959400.00 ns, 184.5604 us/op
WorkloadResult  15: 4096 op, 746753600.00 ns, 182.3129 us/op
WorkloadResult  16: 4096 op, 714408300.00 ns, 174.4161 us/op
WorkloadResult  17: 4096 op, 717401700.00 ns, 175.1469 us/op
WorkloadResult  18: 4096 op, 701349500.00 ns, 171.2279 us/op
WorkloadResult  19: 4096 op, 726652500.00 ns, 177.4054 us/op
WorkloadResult  20: 4096 op, 695215500.00 ns, 169.7303 us/op
WorkloadResult  21: 4096 op, 697363900.00 ns, 170.2549 us/op
WorkloadResult  22: 4096 op, 710034800.00 ns, 173.3483 us/op
WorkloadResult  23: 4096 op, 701483500.00 ns, 171.2606 us/op
WorkloadResult  24: 4096 op, 706860100.00 ns, 172.5733 us/op
WorkloadResult  25: 4096 op, 722219400.00 ns, 176.3231 us/op
WorkloadResult  26: 4096 op, 750024100.00 ns, 183.1114 us/op
WorkloadResult  27: 4096 op, 699813300.00 ns, 170.8529 us/op
WorkloadResult  28: 4096 op, 703999800.00 ns, 171.8750 us/op
WorkloadResult  29: 4096 op, 734615400.00 ns, 179.3495 us/op
// GC:  1 0 0 3080128 4096
// Threading:  12288 191 4096

// AfterAll
// Benchmark Process 22356 has exited with code 0.

Mean = 176.326 μs, StdErr = 0.958 μs (0.54%), N = 29, StdDev = 5.158 μs
Min = 167.469 μs, Q1 = 172.508 μs, Median = 175.147 μs, Q3 = 180.772 μs, Max = 188.739 μs
IQR = 8.263 μs, LowerFence = 160.113 μs, UpperFence = 193.167 μs
ConfidenceInterval = [172.807 μs; 179.845 μs] (CI 99.9%), Margin = 3.519 μs (2.00% of Mean)
Skewness = 0.43, Kurtosis = 2.31, MValue = 2

// ** Remained 2 (50.0%) benchmark(s) to run. Estimated finish 2026-01-26 11:32 (0h 1m from now) **
Setup power plan (GUID: 8c5e7fda-e8bf-4a96-9a85-a6e23a8c635c FriendlyName: High performance)
// **************************
// Benchmark: NexusStoreBenchmark.SetBatchAsync_Performance: DefaultJob [TotalRecords=5000]
// *** Execute ***
// Launch: 1 / 1
// Execute: dotnet Nexus.Store.BenchMark.Project-1.dll --anonymousPipes 1512 1628 --benchmarkName "Nexus.Store.BenchMark.Project.NexusStoreBenchmark.SetBatchAsync_Performance(TotalRecords: 5000)" --job Default --benchmarkId 2 in C:\Users\HANCER MERCEDE\RiderProjects\Nexus.Store\Nexus.Store.BenchMark.Project\bin\Release\net10.0\Nexus.Store.BenchMark.Project-1\bin\Release\net10.0
// BeforeAnythingElse

// Benchmark Process Environment Information:
// BenchmarkDotNet v0.15.8
// Runtime=.NET 10.0.2 (10.0.2, 10.0.225.61305), X64 RyuJIT x86-64-v3
// GC=Concurrent Workstation
// HardwareIntrinsics=AVX2+BMI1+BMI2+F16C+FMA+LZCNT+MOVBE,AVX,SSE3+SSSE3+SSE4.1+SSE4.2+POPCNT,X86Base+SSE+SSE2,AES+PCLMUL VectorSize=256
// Job: DefaultJob

[31m    _________
   /_||___||_\      [0mGarnet 2.0.0 64 bit; standalone mode[31m
   '. \   / .'      [0mListening on: 127.0.0.1:7006[31m
     '.\ /.'        [35mhttps://aka.ms/GetGarnet[31m
       '.'
[0m
* Ready to accept connections
OverheadJitting  1: 1 op, 147800.00 ns, 147.8000 us/op
WorkloadJitting  1: 1 op, 45109800.00 ns, 45.1098 ms/op

WorkloadPilot    1: 2 op, 41749100.00 ns, 20.8746 ms/op
WorkloadPilot    2: 3 op, 107603500.00 ns, 35.8678 ms/op
WorkloadPilot    3: 4 op, 82817300.00 ns, 20.7043 ms/op
WorkloadPilot    4: 5 op, 131115100.00 ns, 26.2230 ms/op
WorkloadPilot    5: 6 op, 134961700.00 ns, 22.4936 ms/op
WorkloadPilot    6: 7 op, 186429900.00 ns, 26.6328 ms/op
WorkloadPilot    7: 8 op, 200794300.00 ns, 25.0993 ms/op
WorkloadPilot    8: 9 op, 264469600.00 ns, 29.3855 ms/op
WorkloadPilot    9: 10 op, 328463500.00 ns, 32.8464 ms/op
WorkloadPilot   10: 11 op, 232754500.00 ns, 21.1595 ms/op
WorkloadPilot   11: 12 op, 227800400.00 ns, 18.9834 ms/op
WorkloadPilot   12: 13 op, 194373400.00 ns, 14.9518 ms/op
WorkloadPilot   13: 14 op, 171897400.00 ns, 12.2784 ms/op
WorkloadPilot   14: 15 op, 207492300.00 ns, 13.8328 ms/op
WorkloadPilot   15: 16 op, 191815200.00 ns, 11.9885 ms/op
WorkloadPilot   16: 32 op, 420665700.00 ns, 13.1458 ms/op
WorkloadPilot   17: 64 op, 833958100.00 ns, 13.0306 ms/op

WorkloadWarmup   1: 64 op, 822507800.00 ns, 12.8517 ms/op
WorkloadWarmup   2: 64 op, 845068200.00 ns, 13.2042 ms/op
WorkloadWarmup   3: 64 op, 885503200.00 ns, 13.8360 ms/op
WorkloadWarmup   4: 64 op, 836658200.00 ns, 13.0728 ms/op
WorkloadWarmup   5: 64 op, 839893700.00 ns, 13.1233 ms/op
WorkloadWarmup   6: 64 op, 850954500.00 ns, 13.2962 ms/op
WorkloadWarmup   7: 64 op, 897737600.00 ns, 14.0272 ms/op
WorkloadWarmup   8: 64 op, 812653500.00 ns, 12.6977 ms/op

// BeforeActualRun
WorkloadActual   1: 64 op, 795651900.00 ns, 12.4321 ms/op
WorkloadActual   2: 64 op, 851584900.00 ns, 13.3060 ms/op
WorkloadActual   3: 64 op, 799795600.00 ns, 12.4968 ms/op
WorkloadActual   4: 64 op, 817604200.00 ns, 12.7751 ms/op
WorkloadActual   5: 64 op, 787295500.00 ns, 12.3015 ms/op
WorkloadActual   6: 64 op, 814123000.00 ns, 12.7207 ms/op
WorkloadActual   7: 64 op, 836759400.00 ns, 13.0744 ms/op
WorkloadActual   8: 64 op, 802531500.00 ns, 12.5396 ms/op
WorkloadActual   9: 64 op, 780131100.00 ns, 12.1895 ms/op
WorkloadActual  10: 64 op, 794012200.00 ns, 12.4064 ms/op
WorkloadActual  11: 64 op, 796704700.00 ns, 12.4485 ms/op
WorkloadActual  12: 64 op, 833323800.00 ns, 13.0207 ms/op
WorkloadActual  13: 64 op, 779024700.00 ns, 12.1723 ms/op
WorkloadActual  14: 64 op, 849570200.00 ns, 13.2745 ms/op
WorkloadActual  15: 64 op, 770118800.00 ns, 12.0331 ms/op
WorkloadActual  16: 64 op, 817244300.00 ns, 12.7694 ms/op
WorkloadActual  17: 64 op, 796881200.00 ns, 12.4513 ms/op
WorkloadActual  18: 64 op, 801431400.00 ns, 12.5224 ms/op
WorkloadActual  19: 64 op, 848166300.00 ns, 13.2526 ms/op
WorkloadActual  20: 64 op, 808802900.00 ns, 12.6375 ms/op
WorkloadActual  21: 64 op, 798897200.00 ns, 12.4828 ms/op
WorkloadActual  22: 64 op, 816212000.00 ns, 12.7533 ms/op
WorkloadActual  23: 64 op, 855920800.00 ns, 13.3738 ms/op
WorkloadActual  24: 64 op, 846795700.00 ns, 13.2312 ms/op
WorkloadActual  25: 64 op, 778557800.00 ns, 12.1650 ms/op
WorkloadActual  26: 64 op, 809065100.00 ns, 12.6416 ms/op
WorkloadActual  27: 64 op, 849543700.00 ns, 13.2741 ms/op
WorkloadActual  28: 64 op, 796305700.00 ns, 12.4423 ms/op
WorkloadActual  29: 64 op, 865414100.00 ns, 13.5221 ms/op
WorkloadActual  30: 64 op, 816739100.00 ns, 12.7615 ms/op
WorkloadActual  31: 64 op, 796576900.00 ns, 12.4465 ms/op
WorkloadActual  32: 64 op, 777565900.00 ns, 12.1495 ms/op
WorkloadActual  33: 64 op, 780459900.00 ns, 12.1947 ms/op
WorkloadActual  34: 64 op, 919506500.00 ns, 14.3673 ms/op
WorkloadActual  35: 64 op, 906906800.00 ns, 14.1704 ms/op
WorkloadActual  36: 64 op, 852176400.00 ns, 13.3153 ms/op
WorkloadActual  37: 64 op, 914295800.00 ns, 14.2859 ms/op
WorkloadActual  38: 64 op, 825537800.00 ns, 12.8990 ms/op
WorkloadActual  39: 64 op, 812092900.00 ns, 12.6890 ms/op
WorkloadActual  40: 64 op, 836090100.00 ns, 13.0639 ms/op
WorkloadActual  41: 64 op, 896645100.00 ns, 14.0101 ms/op
WorkloadActual  42: 64 op, 907999800.00 ns, 14.1875 ms/op
WorkloadActual  43: 64 op, 850040400.00 ns, 13.2819 ms/op
WorkloadActual  44: 64 op, 853765000.00 ns, 13.3401 ms/op
WorkloadActual  45: 64 op, 869165900.00 ns, 13.5807 ms/op
WorkloadActual  46: 64 op, 902974900.00 ns, 14.1090 ms/op
WorkloadActual  47: 64 op, 994618300.00 ns, 15.5409 ms/op
WorkloadActual  48: 64 op, 832543400.00 ns, 13.0085 ms/op
WorkloadActual  49: 64 op, 804627300.00 ns, 12.5723 ms/op
WorkloadActual  50: 64 op, 906632600.00 ns, 14.1661 ms/op
WorkloadActual  51: 64 op, 963779800.00 ns, 15.0591 ms/op
WorkloadActual  52: 64 op, 827815200.00 ns, 12.9346 ms/op
WorkloadActual  53: 64 op, 788682700.00 ns, 12.3232 ms/op
WorkloadActual  54: 64 op, 849689100.00 ns, 13.2764 ms/op
WorkloadActual  55: 64 op, 851177900.00 ns, 13.2997 ms/op
WorkloadActual  56: 64 op, 795722300.00 ns, 12.4332 ms/op
WorkloadActual  57: 64 op, 826026400.00 ns, 12.9067 ms/op
WorkloadActual  58: 64 op, 766586200.00 ns, 11.9779 ms/op
WorkloadActual  59: 64 op, 818912700.00 ns, 12.7955 ms/op
WorkloadActual  60: 64 op, 894001500.00 ns, 13.9688 ms/op
WorkloadActual  61: 64 op, 867963900.00 ns, 13.5619 ms/op
WorkloadActual  62: 64 op, 815240000.00 ns, 12.7381 ms/op
WorkloadActual  63: 64 op, 829444700.00 ns, 12.9601 ms/op
WorkloadActual  64: 64 op, 844755300.00 ns, 13.1993 ms/op
WorkloadActual  65: 64 op, 888048900.00 ns, 13.8758 ms/op
WorkloadActual  66: 64 op, 821965500.00 ns, 12.8432 ms/op
WorkloadActual  67: 64 op, 875061700.00 ns, 13.6728 ms/op
WorkloadActual  68: 64 op, 757118400.00 ns, 11.8300 ms/op
WorkloadActual  69: 64 op, 846162800.00 ns, 13.2213 ms/op
WorkloadActual  70: 64 op, 849712300.00 ns, 13.2768 ms/op
WorkloadActual  71: 64 op, 845704100.00 ns, 13.2141 ms/op

// AfterActualRun
WorkloadResult   1: 64 op, 795651900.00 ns, 12.4321 ms/op
WorkloadResult   2: 64 op, 851584900.00 ns, 13.3060 ms/op
WorkloadResult   3: 64 op, 799795600.00 ns, 12.4968 ms/op
WorkloadResult   4: 64 op, 817604200.00 ns, 12.7751 ms/op
WorkloadResult   5: 64 op, 787295500.00 ns, 12.3015 ms/op
WorkloadResult   6: 64 op, 814123000.00 ns, 12.7207 ms/op
WorkloadResult   7: 64 op, 836759400.00 ns, 13.0744 ms/op
WorkloadResult   8: 64 op, 802531500.00 ns, 12.5396 ms/op
WorkloadResult   9: 64 op, 780131100.00 ns, 12.1895 ms/op
WorkloadResult  10: 64 op, 794012200.00 ns, 12.4064 ms/op
WorkloadResult  11: 64 op, 796704700.00 ns, 12.4485 ms/op
WorkloadResult  12: 64 op, 833323800.00 ns, 13.0207 ms/op
WorkloadResult  13: 64 op, 779024700.00 ns, 12.1723 ms/op
WorkloadResult  14: 64 op, 849570200.00 ns, 13.2745 ms/op
WorkloadResult  15: 64 op, 770118800.00 ns, 12.0331 ms/op
WorkloadResult  16: 64 op, 817244300.00 ns, 12.7694 ms/op
WorkloadResult  17: 64 op, 796881200.00 ns, 12.4513 ms/op
WorkloadResult  18: 64 op, 801431400.00 ns, 12.5224 ms/op
WorkloadResult  19: 64 op, 848166300.00 ns, 13.2526 ms/op
WorkloadResult  20: 64 op, 808802900.00 ns, 12.6375 ms/op
WorkloadResult  21: 64 op, 798897200.00 ns, 12.4828 ms/op
WorkloadResult  22: 64 op, 816212000.00 ns, 12.7533 ms/op
WorkloadResult  23: 64 op, 855920800.00 ns, 13.3738 ms/op
WorkloadResult  24: 64 op, 846795700.00 ns, 13.2312 ms/op
WorkloadResult  25: 64 op, 778557800.00 ns, 12.1650 ms/op
WorkloadResult  26: 64 op, 809065100.00 ns, 12.6416 ms/op
WorkloadResult  27: 64 op, 849543700.00 ns, 13.2741 ms/op
WorkloadResult  28: 64 op, 796305700.00 ns, 12.4423 ms/op
WorkloadResult  29: 64 op, 865414100.00 ns, 13.5221 ms/op
WorkloadResult  30: 64 op, 816739100.00 ns, 12.7615 ms/op
WorkloadResult  31: 64 op, 796576900.00 ns, 12.4465 ms/op
WorkloadResult  32: 64 op, 777565900.00 ns, 12.1495 ms/op
WorkloadResult  33: 64 op, 780459900.00 ns, 12.1947 ms/op
WorkloadResult  34: 64 op, 919506500.00 ns, 14.3673 ms/op
WorkloadResult  35: 64 op, 906906800.00 ns, 14.1704 ms/op
WorkloadResult  36: 64 op, 852176400.00 ns, 13.3153 ms/op
WorkloadResult  37: 64 op, 914295800.00 ns, 14.2859 ms/op
WorkloadResult  38: 64 op, 825537800.00 ns, 12.8990 ms/op
WorkloadResult  39: 64 op, 812092900.00 ns, 12.6890 ms/op
WorkloadResult  40: 64 op, 836090100.00 ns, 13.0639 ms/op
WorkloadResult  41: 64 op, 896645100.00 ns, 14.0101 ms/op
WorkloadResult  42: 64 op, 907999800.00 ns, 14.1875 ms/op
WorkloadResult  43: 64 op, 850040400.00 ns, 13.2819 ms/op
WorkloadResult  44: 64 op, 853765000.00 ns, 13.3401 ms/op
WorkloadResult  45: 64 op, 869165900.00 ns, 13.5807 ms/op
WorkloadResult  46: 64 op, 902974900.00 ns, 14.1090 ms/op
WorkloadResult  47: 64 op, 832543400.00 ns, 13.0085 ms/op
WorkloadResult  48: 64 op, 804627300.00 ns, 12.5723 ms/op
WorkloadResult  49: 64 op, 906632600.00 ns, 14.1661 ms/op
WorkloadResult  50: 64 op, 827815200.00 ns, 12.9346 ms/op
WorkloadResult  51: 64 op, 788682700.00 ns, 12.3232 ms/op
WorkloadResult  52: 64 op, 849689100.00 ns, 13.2764 ms/op
WorkloadResult  53: 64 op, 851177900.00 ns, 13.2997 ms/op
WorkloadResult  54: 64 op, 795722300.00 ns, 12.4332 ms/op
WorkloadResult  55: 64 op, 826026400.00 ns, 12.9067 ms/op
WorkloadResult  56: 64 op, 766586200.00 ns, 11.9779 ms/op
WorkloadResult  57: 64 op, 818912700.00 ns, 12.7955 ms/op
WorkloadResult  58: 64 op, 894001500.00 ns, 13.9688 ms/op
WorkloadResult  59: 64 op, 867963900.00 ns, 13.5619 ms/op
WorkloadResult  60: 64 op, 815240000.00 ns, 12.7381 ms/op
WorkloadResult  61: 64 op, 829444700.00 ns, 12.9601 ms/op
WorkloadResult  62: 64 op, 844755300.00 ns, 13.1993 ms/op
WorkloadResult  63: 64 op, 888048900.00 ns, 13.8758 ms/op
WorkloadResult  64: 64 op, 821965500.00 ns, 12.8432 ms/op
WorkloadResult  65: 64 op, 875061700.00 ns, 13.6728 ms/op
WorkloadResult  66: 64 op, 757118400.00 ns, 11.8300 ms/op
WorkloadResult  67: 64 op, 846162800.00 ns, 13.2213 ms/op
WorkloadResult  68: 64 op, 849712300.00 ns, 13.2768 ms/op
WorkloadResult  69: 64 op, 845704100.00 ns, 13.2141 ms/op
// GC:  70 27 10 369867928 64
// Threading:  9372 32 64

// AfterAll
// Benchmark Process 10696 has exited with code 0.

Mean = 12.980 ms, StdErr = 0.074 ms (0.57%), N = 69, StdDev = 0.619 ms
Min = 11.830 ms, Q1 = 12.483 ms, Median = 12.907 ms, Q3 = 13.300 ms, Max = 14.367 ms
IQR = 0.817 ms, LowerFence = 11.257 ms, UpperFence = 14.525 ms
ConfidenceInterval = [12.724 ms; 13.236 ms] (CI 99.9%), Margin = 0.256 ms (1.97% of Mean)
Skewness = 0.44, Kurtosis = 2.44, MValue = 2.25

// ** Remained 1 (25.0%) benchmark(s) to run. Estimated finish 2026-01-26 11:33 (0h 0m from now) **
Setup power plan (GUID: 8c5e7fda-e8bf-4a96-9a85-a6e23a8c635c FriendlyName: High performance)
// **************************
// Benchmark: NexusStoreBenchmark.GetAsync_Random_Performance: DefaultJob [TotalRecords=5000]
// *** Execute ***
// Launch: 1 / 1
// Execute: dotnet Nexus.Store.BenchMark.Project-1.dll --anonymousPipes 1372 1616 --benchmarkName "Nexus.Store.BenchMark.Project.NexusStoreBenchmark.GetAsync_Random_Performance(TotalRecords: 5000)" --job Default --benchmarkId 3 in C:\Users\HANCER MERCEDE\RiderProjects\Nexus.Store\Nexus.Store.BenchMark.Project\bin\Release\net10.0\Nexus.Store.BenchMark.Project-1\bin\Release\net10.0
// BeforeAnythingElse

// Benchmark Process Environment Information:
// BenchmarkDotNet v0.15.8
// Runtime=.NET 10.0.2 (10.0.2, 10.0.225.61305), X64 RyuJIT x86-64-v3
// GC=Concurrent Workstation
// HardwareIntrinsics=AVX2+BMI1+BMI2+F16C+FMA+LZCNT+MOVBE,AVX,SSE3+SSSE3+SSE4.1+SSE4.2+POPCNT,X86Base+SSE+SSE2,AES+PCLMUL VectorSize=256
// Job: DefaultJob

[31m    _________
   /_||___||_\      [0mGarnet 2.0.0 64 bit; standalone mode[31m
   '. \   / .'      [0mListening on: 127.0.0.1:7006[31m
     '.\ /.'        [35mhttps://aka.ms/GetGarnet[31m
       '.'
[0m
* Ready to accept connections
OverheadJitting  1: 1 op, 156300.00 ns, 156.3000 us/op
WorkloadJitting  1: 1 op, 36878200.00 ns, 36.8782 ms/op

WorkloadPilot    1: 2 op, 1049800.00 ns, 524.9000 us/op
WorkloadPilot    2: 3 op, 1242000.00 ns, 414.0000 us/op
WorkloadPilot    3: 4 op, 1682700.00 ns, 420.6750 us/op
WorkloadPilot    4: 5 op, 1966900.00 ns, 393.3800 us/op
WorkloadPilot    5: 6 op, 2178900.00 ns, 363.1500 us/op
WorkloadPilot    6: 7 op, 2560200.00 ns, 365.7429 us/op
WorkloadPilot    7: 8 op, 2997300.00 ns, 374.6625 us/op
WorkloadPilot    8: 9 op, 5003500.00 ns, 555.9444 us/op
WorkloadPilot    9: 10 op, 3943600.00 ns, 394.3600 us/op
WorkloadPilot   10: 11 op, 5058900.00 ns, 459.9000 us/op
WorkloadPilot   11: 12 op, 4019800.00 ns, 334.9833 us/op
WorkloadPilot   12: 13 op, 5107600.00 ns, 392.8923 us/op
WorkloadPilot   13: 14 op, 5892600.00 ns, 420.9000 us/op
WorkloadPilot   14: 15 op, 5573000.00 ns, 371.5333 us/op
WorkloadPilot   15: 16 op, 8727600.00 ns, 545.4750 us/op
WorkloadPilot   16: 32 op, 13157900.00 ns, 411.1844 us/op
WorkloadPilot   17: 64 op, 23927800.00 ns, 373.8719 us/op
WorkloadPilot   18: 128 op, 34881800.00 ns, 272.5141 us/op
WorkloadPilot   19: 256 op, 87732200.00 ns, 342.7039 us/op
WorkloadPilot   20: 512 op, 145270200.00 ns, 283.7309 us/op
WorkloadPilot   21: 1024 op, 277477700.00 ns, 270.9743 us/op
WorkloadPilot   22: 2048 op, 490532900.00 ns, 239.5180 us/op
WorkloadPilot   23: 4096 op, 921756400.00 ns, 225.0382 us/op

WorkloadWarmup   1: 4096 op, 960468600.00 ns, 234.4894 us/op
WorkloadWarmup   2: 4096 op, 734741700.00 ns, 179.3803 us/op
WorkloadWarmup   3: 4096 op, 848570600.00 ns, 207.1706 us/op
WorkloadWarmup   4: 4096 op, 704030500.00 ns, 171.8824 us/op
WorkloadWarmup   5: 4096 op, 678972900.00 ns, 165.7649 us/op
WorkloadWarmup   6: 4096 op, 697241900.00 ns, 170.2251 us/op
WorkloadWarmup   7: 4096 op, 677033400.00 ns, 165.2914 us/op

// BeforeActualRun
WorkloadActual   1: 4096 op, 784998700.00 ns, 191.6501 us/op
WorkloadActual   2: 4096 op, 656886400.00 ns, 160.3727 us/op
WorkloadActual   3: 4096 op, 633456200.00 ns, 154.6524 us/op
WorkloadActual   4: 4096 op, 641157000.00 ns, 156.5325 us/op
WorkloadActual   5: 4096 op, 696850500.00 ns, 170.1295 us/op
WorkloadActual   6: 4096 op, 619074000.00 ns, 151.1411 us/op
WorkloadActual   7: 4096 op, 627750200.00 ns, 153.2593 us/op
WorkloadActual   8: 4096 op, 649449400.00 ns, 158.5570 us/op
WorkloadActual   9: 4096 op, 638753800.00 ns, 155.9458 us/op
WorkloadActual  10: 4096 op, 671936400.00 ns, 164.0470 us/op
WorkloadActual  11: 4096 op, 630952200.00 ns, 154.0411 us/op
WorkloadActual  12: 4096 op, 685275000.00 ns, 167.3035 us/op
WorkloadActual  13: 4096 op, 728558600.00 ns, 177.8708 us/op
WorkloadActual  14: 4096 op, 684761800.00 ns, 167.1782 us/op
WorkloadActual  15: 4096 op, 696005700.00 ns, 169.9233 us/op
WorkloadActual  16: 4096 op, 677654500.00 ns, 165.4430 us/op
WorkloadActual  17: 4096 op, 686243200.00 ns, 167.5398 us/op
WorkloadActual  18: 4096 op, 753994500.00 ns, 184.0807 us/op
WorkloadActual  19: 4096 op, 674529300.00 ns, 164.6800 us/op
WorkloadActual  20: 4096 op, 669524500.00 ns, 163.4581 us/op
WorkloadActual  21: 4096 op, 661046500.00 ns, 161.3883 us/op
WorkloadActual  22: 4096 op, 749437400.00 ns, 182.9681 us/op
WorkloadActual  23: 4096 op, 625839800.00 ns, 152.7929 us/op
WorkloadActual  24: 4096 op, 630537700.00 ns, 153.9399 us/op
WorkloadActual  25: 4096 op, 619479900.00 ns, 151.2402 us/op
WorkloadActual  26: 4096 op, 646020800.00 ns, 157.7199 us/op
WorkloadActual  27: 4096 op, 662128200.00 ns, 161.6524 us/op
WorkloadActual  28: 4096 op, 773419000.00 ns, 188.8230 us/op
WorkloadActual  29: 4096 op, 714587600.00 ns, 174.4599 us/op
WorkloadActual  30: 4096 op, 744179400.00 ns, 181.6844 us/op
WorkloadActual  31: 4096 op, 760969100.00 ns, 185.7835 us/op
WorkloadActual  32: 4096 op, 610106300.00 ns, 148.9517 us/op
WorkloadActual  33: 4096 op, 604325900.00 ns, 147.5405 us/op
WorkloadActual  34: 4096 op, 623578800.00 ns, 152.2409 us/op
WorkloadActual  35: 4096 op, 633179400.00 ns, 154.5848 us/op
WorkloadActual  36: 4096 op, 619005100.00 ns, 151.1243 us/op
WorkloadActual  37: 4096 op, 657467400.00 ns, 160.5145 us/op
WorkloadActual  38: 4096 op, 610703800.00 ns, 149.0976 us/op
WorkloadActual  39: 4096 op, 650024000.00 ns, 158.6973 us/op
WorkloadActual  40: 4096 op, 632685800.00 ns, 154.4643 us/op
WorkloadActual  41: 4096 op, 633054700.00 ns, 154.5544 us/op
WorkloadActual  42: 4096 op, 616597900.00 ns, 150.5366 us/op
WorkloadActual  43: 4096 op, 576234200.00 ns, 140.6822 us/op
WorkloadActual  44: 4096 op, 583279000.00 ns, 142.4021 us/op
WorkloadActual  45: 4096 op, 621333200.00 ns, 151.6927 us/op
WorkloadActual  46: 4096 op, 596189600.00 ns, 145.5541 us/op
WorkloadActual  47: 4096 op, 588897100.00 ns, 143.7737 us/op
WorkloadActual  48: 4096 op, 610004300.00 ns, 148.9268 us/op
WorkloadActual  49: 4096 op, 614018400.00 ns, 149.9068 us/op
WorkloadActual  50: 4096 op, 556479500.00 ns, 135.8593 us/op
WorkloadActual  51: 4096 op, 621987200.00 ns, 151.8523 us/op
WorkloadActual  52: 4096 op, 578546500.00 ns, 141.2467 us/op
WorkloadActual  53: 4096 op, 583654600.00 ns, 142.4938 us/op
WorkloadActual  54: 4096 op, 570096200.00 ns, 139.1836 us/op
WorkloadActual  55: 4096 op, 607646300.00 ns, 148.3511 us/op
WorkloadActual  56: 4096 op, 623129300.00 ns, 152.1312 us/op
WorkloadActual  57: 4096 op, 607867800.00 ns, 148.4052 us/op
WorkloadActual  58: 4096 op, 633529900.00 ns, 154.6704 us/op
WorkloadActual  59: 4096 op, 579682100.00 ns, 141.5240 us/op
WorkloadActual  60: 4096 op, 611756000.00 ns, 149.3545 us/op
WorkloadActual  61: 4096 op, 625458000.00 ns, 152.6997 us/op
WorkloadActual  62: 4096 op, 657936500.00 ns, 160.6290 us/op
WorkloadActual  63: 4096 op, 694345800.00 ns, 169.5180 us/op
WorkloadActual  64: 4096 op, 683820900.00 ns, 166.9485 us/op
WorkloadActual  65: 4096 op, 609136200.00 ns, 148.7149 us/op
WorkloadActual  66: 4096 op, 669430400.00 ns, 163.4352 us/op
WorkloadActual  67: 4096 op, 611599300.00 ns, 149.3162 us/op
WorkloadActual  68: 4096 op, 647784300.00 ns, 158.1505 us/op
WorkloadActual  69: 4096 op, 646598300.00 ns, 157.8609 us/op
WorkloadActual  70: 4096 op, 671982800.00 ns, 164.0583 us/op
WorkloadActual  71: 4096 op, 615538700.00 ns, 150.2780 us/op
WorkloadActual  72: 4096 op, 603393200.00 ns, 147.3128 us/op
WorkloadActual  73: 4096 op, 620123100.00 ns, 151.3972 us/op
WorkloadActual  74: 4096 op, 666898800.00 ns, 162.8171 us/op
WorkloadActual  75: 4096 op, 658723900.00 ns, 160.8213 us/op
WorkloadActual  76: 4096 op, 676323100.00 ns, 165.1179 us/op
WorkloadActual  77: 4096 op, 648076900.00 ns, 158.2219 us/op
WorkloadActual  78: 4096 op, 634979500.00 ns, 155.0243 us/op
WorkloadActual  79: 4096 op, 675063100.00 ns, 164.8103 us/op
WorkloadActual  80: 4096 op, 623229800.00 ns, 152.1557 us/op
WorkloadActual  81: 4096 op, 584008500.00 ns, 142.5802 us/op
WorkloadActual  82: 4096 op, 610618300.00 ns, 149.0767 us/op
WorkloadActual  83: 4096 op, 643573200.00 ns, 157.1224 us/op
WorkloadActual  84: 4096 op, 631584700.00 ns, 154.1955 us/op
WorkloadActual  85: 4096 op, 651615500.00 ns, 159.0858 us/op
WorkloadActual  86: 4096 op, 616059100.00 ns, 150.4051 us/op
WorkloadActual  87: 4096 op, 652797100.00 ns, 159.3743 us/op
WorkloadActual  88: 4096 op, 600821100.00 ns, 146.6848 us/op
WorkloadActual  89: 4096 op, 630433500.00 ns, 153.9144 us/op
WorkloadActual  90: 4096 op, 580737300.00 ns, 141.7816 us/op
WorkloadActual  91: 4096 op, 632747500.00 ns, 154.4794 us/op
WorkloadActual  92: 4096 op, 627888900.00 ns, 153.2932 us/op
WorkloadActual  93: 4096 op, 656445300.00 ns, 160.2650 us/op
WorkloadActual  94: 4096 op, 633462300.00 ns, 154.6539 us/op
WorkloadActual  95: 4096 op, 651965800.00 ns, 159.1713 us/op

// AfterActualRun
WorkloadResult   1: 4096 op, 656886400.00 ns, 160.3727 us/op
WorkloadResult   2: 4096 op, 633456200.00 ns, 154.6524 us/op
WorkloadResult   3: 4096 op, 641157000.00 ns, 156.5325 us/op
WorkloadResult   4: 4096 op, 696850500.00 ns, 170.1295 us/op
WorkloadResult   5: 4096 op, 619074000.00 ns, 151.1411 us/op
WorkloadResult   6: 4096 op, 627750200.00 ns, 153.2593 us/op
WorkloadResult   7: 4096 op, 649449400.00 ns, 158.5570 us/op
WorkloadResult   8: 4096 op, 638753800.00 ns, 155.9458 us/op
WorkloadResult   9: 4096 op, 671936400.00 ns, 164.0470 us/op
WorkloadResult  10: 4096 op, 630952200.00 ns, 154.0411 us/op
WorkloadResult  11: 4096 op, 685275000.00 ns, 167.3035 us/op
WorkloadResult  12: 4096 op, 728558600.00 ns, 177.8708 us/op
WorkloadResult  13: 4096 op, 684761800.00 ns, 167.1782 us/op
WorkloadResult  14: 4096 op, 696005700.00 ns, 169.9233 us/op
WorkloadResult  15: 4096 op, 677654500.00 ns, 165.4430 us/op
WorkloadResult  16: 4096 op, 686243200.00 ns, 167.5398 us/op
WorkloadResult  17: 4096 op, 674529300.00 ns, 164.6800 us/op
WorkloadResult  18: 4096 op, 669524500.00 ns, 163.4581 us/op
WorkloadResult  19: 4096 op, 661046500.00 ns, 161.3883 us/op
WorkloadResult  20: 4096 op, 625839800.00 ns, 152.7929 us/op
WorkloadResult  21: 4096 op, 630537700.00 ns, 153.9399 us/op
WorkloadResult  22: 4096 op, 619479900.00 ns, 151.2402 us/op
WorkloadResult  23: 4096 op, 646020800.00 ns, 157.7199 us/op
WorkloadResult  24: 4096 op, 662128200.00 ns, 161.6524 us/op
WorkloadResult  25: 4096 op, 714587600.00 ns, 174.4599 us/op
WorkloadResult  26: 4096 op, 610106300.00 ns, 148.9517 us/op
WorkloadResult  27: 4096 op, 604325900.00 ns, 147.5405 us/op
WorkloadResult  28: 4096 op, 623578800.00 ns, 152.2409 us/op
WorkloadResult  29: 4096 op, 633179400.00 ns, 154.5848 us/op
WorkloadResult  30: 4096 op, 619005100.00 ns, 151.1243 us/op
WorkloadResult  31: 4096 op, 657467400.00 ns, 160.5145 us/op
WorkloadResult  32: 4096 op, 610703800.00 ns, 149.0976 us/op
WorkloadResult  33: 4096 op, 650024000.00 ns, 158.6973 us/op
WorkloadResult  34: 4096 op, 632685800.00 ns, 154.4643 us/op
WorkloadResult  35: 4096 op, 633054700.00 ns, 154.5544 us/op
WorkloadResult  36: 4096 op, 616597900.00 ns, 150.5366 us/op
WorkloadResult  37: 4096 op, 576234200.00 ns, 140.6822 us/op
WorkloadResult  38: 4096 op, 583279000.00 ns, 142.4021 us/op
WorkloadResult  39: 4096 op, 621333200.00 ns, 151.6927 us/op
WorkloadResult  40: 4096 op, 596189600.00 ns, 145.5541 us/op
WorkloadResult  41: 4096 op, 588897100.00 ns, 143.7737 us/op
WorkloadResult  42: 4096 op, 610004300.00 ns, 148.9268 us/op
WorkloadResult  43: 4096 op, 614018400.00 ns, 149.9068 us/op
WorkloadResult  44: 4096 op, 556479500.00 ns, 135.8593 us/op
WorkloadResult  45: 4096 op, 621987200.00 ns, 151.8523 us/op
WorkloadResult  46: 4096 op, 578546500.00 ns, 141.2467 us/op
WorkloadResult  47: 4096 op, 583654600.00 ns, 142.4938 us/op
WorkloadResult  48: 4096 op, 570096200.00 ns, 139.1836 us/op
WorkloadResult  49: 4096 op, 607646300.00 ns, 148.3511 us/op
WorkloadResult  50: 4096 op, 623129300.00 ns, 152.1312 us/op
WorkloadResult  51: 4096 op, 607867800.00 ns, 148.4052 us/op
WorkloadResult  52: 4096 op, 633529900.00 ns, 154.6704 us/op
WorkloadResult  53: 4096 op, 579682100.00 ns, 141.5240 us/op
WorkloadResult  54: 4096 op, 611756000.00 ns, 149.3545 us/op
WorkloadResult  55: 4096 op, 625458000.00 ns, 152.6997 us/op
WorkloadResult  56: 4096 op, 657936500.00 ns, 160.6290 us/op
WorkloadResult  57: 4096 op, 694345800.00 ns, 169.5180 us/op
WorkloadResult  58: 4096 op, 683820900.00 ns, 166.9485 us/op
WorkloadResult  59: 4096 op, 609136200.00 ns, 148.7149 us/op
WorkloadResult  60: 4096 op, 669430400.00 ns, 163.4352 us/op
WorkloadResult  61: 4096 op, 611599300.00 ns, 149.3162 us/op
WorkloadResult  62: 4096 op, 647784300.00 ns, 158.1505 us/op
WorkloadResult  63: 4096 op, 646598300.00 ns, 157.8609 us/op
WorkloadResult  64: 4096 op, 671982800.00 ns, 164.0583 us/op
WorkloadResult  65: 4096 op, 615538700.00 ns, 150.2780 us/op
WorkloadResult  66: 4096 op, 603393200.00 ns, 147.3128 us/op
WorkloadResult  67: 4096 op, 620123100.00 ns, 151.3972 us/op
WorkloadResult  68: 4096 op, 666898800.00 ns, 162.8171 us/op
WorkloadResult  69: 4096 op, 658723900.00 ns, 160.8213 us/op
WorkloadResult  70: 4096 op, 676323100.00 ns, 165.1179 us/op
WorkloadResult  71: 4096 op, 648076900.00 ns, 158.2219 us/op
WorkloadResult  72: 4096 op, 634979500.00 ns, 155.0243 us/op
WorkloadResult  73: 4096 op, 675063100.00 ns, 164.8103 us/op
WorkloadResult  74: 4096 op, 623229800.00 ns, 152.1557 us/op
WorkloadResult  75: 4096 op, 584008500.00 ns, 142.5802 us/op
WorkloadResult  76: 4096 op, 610618300.00 ns, 149.0767 us/op
WorkloadResult  77: 4096 op, 643573200.00 ns, 157.1224 us/op
WorkloadResult  78: 4096 op, 631584700.00 ns, 154.1955 us/op
WorkloadResult  79: 4096 op, 651615500.00 ns, 159.0858 us/op
WorkloadResult  80: 4096 op, 616059100.00 ns, 150.4051 us/op
WorkloadResult  81: 4096 op, 652797100.00 ns, 159.3743 us/op
WorkloadResult  82: 4096 op, 600821100.00 ns, 146.6848 us/op
WorkloadResult  83: 4096 op, 630433500.00 ns, 153.9144 us/op
WorkloadResult  84: 4096 op, 580737300.00 ns, 141.7816 us/op
WorkloadResult  85: 4096 op, 632747500.00 ns, 154.4794 us/op
WorkloadResult  86: 4096 op, 627888900.00 ns, 153.2932 us/op
WorkloadResult  87: 4096 op, 656445300.00 ns, 160.2650 us/op
WorkloadResult  88: 4096 op, 633462300.00 ns, 154.6539 us/op
WorkloadResult  89: 4096 op, 651965800.00 ns, 159.1713 us/op
// GC:  1 0 0 3080192 4096
// Threading:  12289 220 4096

// AfterAll
// Benchmark Process 23956 has exited with code 0.

Mean = 155.067 μs, StdErr = 0.881 μs (0.57%), N = 89, StdDev = 8.309 μs
Min = 135.859 μs, Q1 = 149.354 μs, Median = 154.464 μs, Q3 = 160.515 μs, Max = 177.871 μs
IQR = 11.160 μs, LowerFence = 132.614 μs, UpperFence = 177.255 μs
ConfidenceInterval = [152.068 μs; 158.066 μs] (CI 99.9%), Margin = 2.999 μs (1.93% of Mean)
Skewness = 0.21, Kurtosis = 2.81, MValue = 2

// ** Remained 0 (0.0%) benchmark(s) to run. Estimated finish 2026-01-26 11:34 (0h 0m from now) **
Successfully reverted power plan (GUID: 381b4222-f694-41f0-9685-ff5bb260df2e FriendlyName: Balanced)
// ***** BenchmarkRunner: Finish  *****

// * Export *
  BenchmarkDotNet.Artifacts\results\Nexus.Store.BenchMark.Project.NexusStoreBenchmark-report.csv
  BenchmarkDotNet.Artifacts\results\Nexus.Store.BenchMark.Project.NexusStoreBenchmark-report-github.md
  BenchmarkDotNet.Artifacts\results\Nexus.Store.BenchMark.Project.NexusStoreBenchmark-report.html
  BenchmarkDotNet.Artifacts\results\Nexus.Store.BenchMark.Project.NexusStoreBenchmark-report-brief.json

// * Detailed results *
NexusStoreBenchmark.SetBatchAsync_Performance: DefaultJob [TotalRecords=1000]
Runtime = .NET 10.0.2 (10.0.2, 10.0.225.61305), X64 RyuJIT x86-64-v3; GC = Concurrent Workstation
Mean = 2.239 ms, StdErr = 0.018 ms (0.82%), N = 97, StdDev = 0.180 ms
Min = 1.886 ms, Q1 = 2.097 ms, Median = 2.227 ms, Q3 = 2.347 ms, Max = 2.710 ms
IQR = 0.249 ms, LowerFence = 1.723 ms, UpperFence = 2.721 ms
ConfidenceInterval = [2.177 ms; 2.301 ms] (CI 99.9%), Margin = 0.062 ms (2.78% of Mean)
Skewness = 0.35, Kurtosis = 2.51, MValue = 2
-------------------- Histogram --------------------
[1.834 ms ; 1.924 ms) | @@
[1.924 ms ; 2.026 ms) | @@@@@@@
[2.026 ms ; 2.129 ms) | @@@@@@@@@@@@@@@@@@@@@@@
[2.129 ms ; 2.260 ms) | @@@@@@@@@@@@@@@@@@@@@@@@
[2.260 ms ; 2.373 ms) | @@@@@@@@@@@@@@@@@@@@@
[2.373 ms ; 2.512 ms) | @@@@@@@@@@@@@@
[2.512 ms ; 2.631 ms) | @@@@
[2.631 ms ; 2.734 ms) | @@
---------------------------------------------------

NexusStoreBenchmark.GetAsync_Random_Performance: DefaultJob [TotalRecords=1000]
Runtime = .NET 10.0.2 (10.0.2, 10.0.225.61305), X64 RyuJIT x86-64-v3; GC = Concurrent Workstation
Mean = 176.326 μs, StdErr = 0.958 μs (0.54%), N = 29, StdDev = 5.158 μs
Min = 167.469 μs, Q1 = 172.508 μs, Median = 175.147 μs, Q3 = 180.772 μs, Max = 188.739 μs
IQR = 8.263 μs, LowerFence = 160.113 μs, UpperFence = 193.167 μs
ConfidenceInterval = [172.807 μs; 179.845 μs] (CI 99.9%), Margin = 3.519 μs (2.00% of Mean)
Skewness = 0.43, Kurtosis = 2.31, MValue = 2
-------------------- Histogram --------------------
[166.957 μs ; 171.096 μs) | @@@@
[171.096 μs ; 175.503 μs) | @@@@@@@@@@@@
[175.503 μs ; 183.434 μs) | @@@@@@@@@@@
[183.434 μs ; 188.853 μs) | @@
---------------------------------------------------

NexusStoreBenchmark.SetBatchAsync_Performance: DefaultJob [TotalRecords=5000]
Runtime = .NET 10.0.2 (10.0.2, 10.0.225.61305), X64 RyuJIT x86-64-v3; GC = Concurrent Workstation
Mean = 12.980 ms, StdErr = 0.074 ms (0.57%), N = 69, StdDev = 0.619 ms
Min = 11.830 ms, Q1 = 12.483 ms, Median = 12.907 ms, Q3 = 13.300 ms, Max = 14.367 ms
IQR = 0.817 ms, LowerFence = 11.257 ms, UpperFence = 14.525 ms
ConfidenceInterval = [12.724 ms; 13.236 ms] (CI 99.9%), Margin = 0.256 ms (1.97% of Mean)
Skewness = 0.44, Kurtosis = 2.44, MValue = 2.25
-------------------- Histogram --------------------
[11.632 ms ; 11.953 ms) | @
[11.953 ms ; 12.403 ms) | @@@@@@@@@
[12.403 ms ; 12.799 ms) | @@@@@@@@@@@@@@@@@@@@@@
[12.799 ms ; 13.389 ms) | @@@@@@@@@@@@@@@@@@@@@@@@
[13.389 ms ; 13.834 ms) | @@@@
[13.834 ms ; 14.230 ms) | @@@@@@@
[14.230 ms ; 14.565 ms) | @@
---------------------------------------------------

NexusStoreBenchmark.GetAsync_Random_Performance: DefaultJob [TotalRecords=5000]
Runtime = .NET 10.0.2 (10.0.2, 10.0.225.61305), X64 RyuJIT x86-64-v3; GC = Concurrent Workstation
Mean = 155.067 μs, StdErr = 0.881 μs (0.57%), N = 89, StdDev = 8.309 μs
Min = 135.859 μs, Q1 = 149.354 μs, Median = 154.464 μs, Q3 = 160.515 μs, Max = 177.871 μs
IQR = 11.160 μs, LowerFence = 132.614 μs, UpperFence = 177.255 μs
ConfidenceInterval = [152.068 μs; 158.066 μs] (CI 99.9%), Margin = 2.999 μs (1.93% of Mean)
Skewness = 0.21, Kurtosis = 2.81, MValue = 2
-------------------- Histogram --------------------
[133.417 μs ; 139.036 μs) | @
[139.036 μs ; 145.288 μs) | @@@@@@@@@
[145.288 μs ; 150.208 μs) | @@@@@@@@@@@@@@
[150.208 μs ; 155.094 μs) | @@@@@@@@@@@@@@@@@@@@@@@@@@@@
[155.094 μs ; 161.830 μs) | @@@@@@@@@@@@@@@@@@@
[161.830 μs ; 167.621 μs) | @@@@@@@@@@@@@
[167.621 μs ; 173.723 μs) | @@@
[173.723 μs ; 178.608 μs) | @@
---------------------------------------------------

// * Summary *

BenchmarkDotNet v0.15.8, Windows 11 (10.0.26200.7623/25H2/2025Update/HudsonValley2)
AMD Ryzen 7 4800H with Radeon Graphics 2.90GHz, 1 CPU, 16 logical and 8 physical cores
.NET SDK 10.0.102
  [Host]     : .NET 10.0.2 (10.0.2, 10.0.225.61305), X64 RyuJIT x86-64-v3
  DefaultJob : .NET 10.0.2 (10.0.2, 10.0.225.61305), X64 RyuJIT x86-64-v3


| Method                      | TotalRecords | Mean        | Error     | StdDev    | Gen0      | Gen1     | Gen2     | Allocated |
|---------------------------- |------------- |------------:|----------:|----------:|----------:|---------:|---------:|----------:|
| SetBatchAsync_Performance   | 1000         |  2,239.1 μs |  62.21 μs | 180.50 μs |  187.5000 |  62.5000 |  15.6250 | 1101668 B |
| GetAsync_Random_Performance | 1000         |    176.3 μs |   3.52 μs |   5.16 μs |    0.2441 |        - |        - |     752 B |
| SetBatchAsync_Performance   | 5000         | 12,980.0 μs | 256.21 μs | 618.78 μs | 1093.7500 | 421.8750 | 156.2500 | 5779186 B |
| GetAsync_Random_Performance | 5000         |    155.1 μs |   3.00 μs |   8.31 μs |    0.2441 |        - |        - |     752 B |

// * Hints *
Outliers
  NexusStoreBenchmark.SetBatchAsync_Performance: Default   -> 3 outliers were removed (2.83 ms..2.97 ms)
  NexusStoreBenchmark.GetAsync_Random_Performance: Default -> 2 outliers were removed (211.52 μs, 220.63 μs)
  NexusStoreBenchmark.SetBatchAsync_Performance: Default   -> 2 outliers were removed (15.06 ms, 15.54 ms)
  NexusStoreBenchmark.GetAsync_Random_Performance: Default -> 6 outliers were removed (181.68 μs..191.65 μs)

// * Legends *
  TotalRecords : Value of the 'TotalRecords' parameter
  Mean         : Arithmetic mean of all measurements
  Error        : Half of 99.9% confidence interval
  StdDev       : Standard deviation of all measurements
  Gen0         : GC Generation 0 collects per 1000 operations
  Gen1         : GC Generation 1 collects per 1000 operations
  Gen2         : GC Generation 2 collects per 1000 operations
  Allocated    : Allocated memory per single operation (managed only, inclusive, 1KB = 1024B)
  1 μs         : 1 Microsecond (0.000001 sec)

// * Diagnostic Output - MemoryDiagnoser *


// ***** BenchmarkRunner: End *****
Run time: 00:03:54 (234.59 sec), executed benchmarks: 4

Global total time: 00:04:09 (249.29 sec), executed benchmarks: 4
// * Artifacts cleanup *
Artifacts cleanup is finished
